Node,name,typeOf,dcid,description
dcid:foo,FooVar,dcid:StatisticalVariable,dcid:foo,"A foo var"
dcid:bar,BarVar,dcid:StatisticalVariable,dcid:bar,""